// Jest Snapshot v1, https://goo.gl/fbAQLP

exports[`\`wrappedFetch\` with a \`.dump()\` route 1`] = `
User {
  "email": "test@example.com",
  "password": "asdfsadf",
}
`;

exports[`\`wrappedFetch\` with a \`.dump()\` route and an array 1`] = `
Array [
  User {
    "email": "test1@example.com",
  },
  User {
    "email": "test2@example.com",
  },
  User {
    "email": "test3@example.com",
  },
]
`;
